#
# There is insufficient memory for the Java Runtime Environment to continue.
# Native memory allocation (malloc) failed to allocate 7073688 bytes. Error detail: Chunk::new
# Possible reasons:
#   The system is out of physical RAM or swap space
#   This process is running with CompressedOops enabled, and the Java Heap may be blocking the growth of the native heap
# Possible solutions:
#   Reduce memory load on the system
#   Increase physical memory or swap space
#   Check if swap backing store is full
#   Decrease Java heap size (-Xmx/-Xms)
#   Decrease number of Java threads
#   Decrease Java thread stack sizes (-Xss)
#   Set larger code cache with -XX:ReservedCodeCacheSize=
#   JVM is running with Unscaled Compressed Oops mode in which the Java heap is
#     placed in the first 4GB address space. The Java Heap base address is the
#     maximum limit for the native heap growth. Please use -XX:HeapBaseMinAddress
#     to set the Java Heap base and to place the Java Heap above 4GB virtual address.
# This output file may be truncated or incomplete.
#
#  Out of Memory Error (arena.cpp:186), pid=16572, tid=7748
#
# JRE version: Java(TM) SE Runtime Environment (25.0.2+10) (build 25.0.2+10-LTS-69)
# Java VM: Java HotSpot(TM) 64-Bit Server VM (25.0.2+10-LTS-69, mixed mode, sharing, tiered, compressed oops, compressed class ptrs, g1 gc, windows-amd64)
# No core dump will be written. Minidumps are not enabled by default on client versions of Windows
#

---------------  S U M M A R Y ------------

Command Line: -Dfile.encoding=IBM437 C:\Users\nalla_hu1j0hr\AppData\Local\Temp\surefire6278918733469637369\surefirebooter-20260807201849727_3.jar C:\Users\nalla_hu1j0hr\AppData\Local\Temp\surefire6278918733469637369 2026-08-07T20-18-46_566-jvmRun1 surefire-20260807201849727_1tmp surefire_0-20260807201849727_2tmp

Host: AMD Ryzen 5 5500U with Radeon Graphics         , 12 cores, 7G,  Windows 11 , 64 bit Build 26100 (10.0.26100.8875)
Time: Fri Aug  7 20:19:21 2026 India Standard Time elapsed time: 26.748476 seconds (0d 0h 0m 26s)

---------------  T H R E A D  ---------------

Current thread (0x000001bee7906290):  JavaThread "C2 CompilerThread0" daemon [_thread_in_native, id=7748, stack(0x000000b6a6000000,0x000000b6a6100000) (1024K)]


Current CompileTask:
C2:26748 6185       4       org.springframework.core.annotation.AnnotatedElementUtils::getMergedAnnotationAttributes (22 bytes)

Stack: [0x000000b6a6000000,0x000000b6a6100000]
Native frames: (J=compiled Java code, j=interpreted, Vv=VM code, C=native code)
V  [jvm.dll+0x7a70f9]  (no source info available)
V  [jvm.dll+0x772d6d]  (no source info available)
V  [jvm.dll+0x965d53]  (no source info available)
V  [jvm.dll+0x968351]  (no source info available)
V  [jvm.dll+0x968a63]  (no source info available)
V  [jvm.dll+0x2fc846]  (no source info available)
V  [jvm.dll+0x111b16]  (no source info available)
V  [jvm.dll+0x111e3e]  (no source info available)
V  [jvm.dll+0x1a0872]  (no source info available)
V  [jvm.dll+0x3b54c2]  (no source info available)
V  [jvm.dll+0x7aca8f]  (no source info available)
V  [jvm.dll+0x2c0b97]  (no source info available)
V  [jvm.dll+0x2bfb5f]  (no source info available)
V  [jvm.dll+0x2379a0]  (no source info available)
V  [jvm.dll+0x2cfc86]  (no source info available)
V  [jvm.dll+0x2cdf05]  (no source info available)
V  [jvm.dll+0x48e9d1]  (no source info available)
V  [jvm.dll+0x906fcd]  (no source info available)
V  [jvm.dll+0x7a56d5]  (no source info available)
C  [ucrtbase.dll+0x2cd30]  (no source info available)
C  [KERNEL32.DLL+0x2e957]  (no source info available)
C  [ntdll.dll+0xaad6c]  (no source info available)

Lock stack of current Java thread (top to bottom):


---------------  P R O C E S S  ---------------

Threads class SMR info:
_java_thread_list=0x000001beed8b2540, length=15, elements={
0x000001bec8626c10, 0x000001bee78e5400, 0x000001bee78e6b40, 0x000001bee78ea7b0,
0x000001bee78eb6c0, 0x000001bee78f2250, 0x000001bee78ff460, 0x000001bee7906290,
0x000001bee7909dc0, 0x000001bee79c99c0, 0x000001bee79dae30, 0x000001beec208b00,
0x000001beec19a1d0, 0x000001beecf3c200, 0x000001beecf3f8b0
}

Java Threads: ( => current thread )
  0x000001bec8626c10 JavaThread "main"                              [_thread_in_vm, id=9136, stack(0x000000b6a5200000,0x000000b6a5300000) (1024K)]
  0x000001bee78e5400 JavaThread "Reference Handler"          daemon [_thread_blocked, id=14304, stack(0x000000b6a5a00000,0x000000b6a5b00000) (1024K)]
  0x000001bee78e6b40 JavaThread "Finalizer"                  daemon [_thread_blocked, id=10784, stack(0x000000b6a5b00000,0x000000b6a5c00000) (1024K)]
  0x000001bee78ea7b0 JavaThread "Signal Dispatcher"          daemon [_thread_blocked, id=9020, stack(0x000000b6a5c00000,0x000000b6a5d00000) (1024K)]
  0x000001bee78eb6c0 JavaThread "Attach Listener"            daemon [_thread_blocked, id=15232, stack(0x000000b6a5d00000,0x000000b6a5e00000) (1024K)]
  0x000001bee78f2250 JavaThread "Service Thread"             daemon [_thread_blocked, id=10820, stack(0x000000b6a5e00000,0x000000b6a5f00000) (1024K)]
  0x000001bee78ff460 JavaThread "Monitor Deflation Thread"   daemon [_thread_blocked, id=18076, stack(0x000000b6a5f00000,0x000000b6a6000000) (1024K)]
=>0x000001bee7906290 JavaThread "C2 CompilerThread0"         daemon [_thread_in_native, id=7748, stack(0x000000b6a6000000,0x000000b6a6100000) (1024K)]
  0x000001bee7909dc0 JavaThread "C1 CompilerThread0"         daemon [_thread_blocked, id=7048, stack(0x000000b6a6100000,0x000000b6a6200000) (1024K)]
  0x000001bee79c99c0 JavaThread "Notification Thread"        daemon [_thread_blocked, id=13900, stack(0x000000b6a6200000,0x000000b6a6300000) (1024K)]
  0x000001bee79dae30 JavaThread "Common-Cleaner"             daemon [_thread_blocked, id=16024, stack(0x000000b6a6300000,0x000000b6a6400000) (1024K)]
  0x000001beec208b00 JavaThread "surefire-forkedjvm-stream-flusher" daemon [_thread_blocked, id=10580, stack(0x000000b6a6400000,0x000000b6a6500000) (1024K)]
  0x000001beec19a1d0 JavaThread "surefire-forkedjvm-command-thread" daemon [_thread_in_native, id=13924, stack(0x000000b6a6500000,0x000000b6a6600000) (1024K)]
  0x000001beecf3c200 JavaThread "mysql-cj-abandoned-connection-cleanup" daemon [_thread_blocked, id=9300, stack(0x000000b6a7200000,0x000000b6a7300000) (1024K)]
  0x000001beecf3f8b0 JavaThread "HikariPool-1:housekeeper"   daemon [_thread_blocked, id=12240, stack(0x000000b6a6b00000,0x000000b6a6c00000) (1024K)]
Total: 15

Other Threads:
  0x000001bee78d0030 VMThread "VM Thread"                           [id=18228, stack(0x000000b6a5900000,0x000000b6a5a00000) (1024K)]
  0x000001bee78c0920 WatcherThread "VM Periodic Task Thread"        [id=16636, stack(0x000000b6a5800000,0x000000b6a5900000) (1024K)]
  0x000001becaa87df0 WorkerThread "GC Thread#0"                     [id=16544, stack(0x000000b6a5300000,0x000000b6a5400000) (1024K)]
  0x000001beec820dc0 WorkerThread "GC Thread#1"                     [id=5128, stack(0x000000b6a6600000,0x000000b6a6700000) (1024K)]
  0x000001bee7a596e0 WorkerThread "GC Thread#2"                     [id=11936, stack(0x000000b6a6700000,0x000000b6a6800000) (1024K)]
  0x000001beec544610 WorkerThread "GC Thread#3"                     [id=3472, stack(0x000000b6a6800000,0x000000b6a6900000) (1024K)]
  0x000001beecea2dc0 WorkerThread "GC Thread#4"                     [id=12360, stack(0x000000b6a6900000,0x000000b6a6a00000) (1024K)]
  0x000001beec5ee120 WorkerThread "GC Thread#5"                     [id=5368, stack(0x000000b6a6a00000,0x000000b6a6b00000) (1024K)]
  0x000001beec872c20 WorkerThread "GC Thread#6"                     [id=17032, stack(0x000000b6a6c00000,0x000000b6a6d00000) (1024K)]
  0x000001beec871690 WorkerThread "GC Thread#7"                     [id=812, stack(0x000000b6a6d00000,0x000000b6a6e00000) (1024K)]
  0x000001beec871240 WorkerThread "GC Thread#8"                     [id=2188, stack(0x000000b6a6e00000,0x000000b6a6f00000) (1024K)]
  0x000001beec870df0 WorkerThread "GC Thread#9"                     [id=9596, stack(0x000000b6a6f00000,0x000000b6a7000000) (1024K)]
  0x000001becaa9fb70 ConcurrentGCThread "G1 Main Marker"            [id=17020, stack(0x000000b6a5400000,0x000000b6a5500000) (1024K)]
  0x000001becaaa1cc0 WorkerThread "G1 Conc#0"                       [id=14128, stack(0x000000b6a5500000,0x000000b6a5600000) (1024K)]
  0x000001beec873070 WorkerThread "G1 Conc#1"                       [id=18052, stack(0x000000b6a7000000,0x000000b6a7100000) (1024K)]
  0x000001beec873d60 WorkerThread "G1 Conc#2"                       [id=15188, stack(0x000000b6a7100000,0x000000b6a7200000) (1024K)]
  0x000001bee778c100 ConcurrentGCThread "G1 Refine#0"               [id=17400, stack(0x000000b6a5600000,0x000000b6a5700000) (1024K)]
  0x000001bee778d9d0 ConcurrentGCThread "G1 Service"                [id=14228, stack(0x000000b6a5700000,0x000000b6a5800000) (1024K)]
Total: 18

Threads with active compile tasks:
C2 CompilerThread0  26960 6185       4       org.springframework.core.annotation.AnnotatedElementUtils::getMergedAnnotationAttributes (22 bytes)
Total: 1

VM state: not at safepoint (normal execution)

VM Mutex/Monitor currently owned by a thread: None

Heap address: 0x000000008ac00000, size: 1876 MB, Compressed Oops mode: 32-bit

CDS archive(s) mapped at: [0x0000000025000000-0x0000000025dd0000-0x0000000025dd0000), size 14483456, SharedBaseAddress: 0x0000000025000000, ArchiveRelocationMode: 1.
Compressed class space mapped at: 0x0000000026000000-0x0000000066000000, reserved size: 1073741824
UseCompressedClassPointers 1, UseCompactObjectHeaders 0
Narrow klass pointer bits 32, Max shift 3
Narrow klass base: 0x0000000025000000, Narrow klass shift: 0
Encoding Range: [0x0000000025000000 - 0x0000000125000000), (4294967296 bytes)
Klass Range:    [0x0000000025010000 - 0x0000000066000000), (1090453504 bytes)
Klass ID Range:  [65536 - 1090519033) (1090453497)
Protection zone: [0x0000000025000000 - 0x0000000025010000), (65536 bytes)

GC Precious Log:
 CardTable entry size: 512
 Card Set container configuration: InlinePtr #cards 5 size 8 Array Of Cards #cards 10 size 36 Howl #buckets 4 coarsen threshold 1843 Howl Bitmap #cards 512 size 80 coarsen threshold 460 Card regions per heap region 1 cards per card region 2048
 CPUs: 12 total, 12 available
 Memory: 7501M
 Large Page Support: Disabled
 NUMA Support: Disabled
 Compressed Oops: Enabled (32-bit)
 Heap Region Size: 1M
 Heap Min Capacity: 8M
 Heap Initial Capacity: 118M
 Heap Max Capacity: 1876M
 Pre-touch: Disabled
 Parallel Workers: 10
 Concurrent Workers: 3
 Concurrent Refinement Workers: 10
 Periodic GC: Disabled

Heap:
 garbage-first heap   total reserved 1921024K, committed 66560K, used 56048K [0x000000008ac00000, 0x0000000100000000)
  region size 1024K, 23 young (23552K), 2 survivors (2048K)

Heap Regions: E=young(eden), S=young(survivor), O=old, HS=humongous(starts), HC=humongous(continues), CS=collection set, F=free, TAMS=top-at-mark-start, PB=parsable bottom
|   0|0x000000008ac00000, 0x000000008ad00000, 0x000000008ad00000|100%|HS|  |TAMS 0x000000008ac00000| PB 0x000000008ac00000| Complete |  0
|   1|0x000000008ad00000, 0x000000008ae00000, 0x000000008ae00000|100%|HS|  |TAMS 0x000000008ad00000| PB 0x000000008ad00000| Complete |  0
|   2|0x000000008ae00000, 0x000000008af00000, 0x000000008af00000|100%| O|  |TAMS 0x000000008ae00000| PB 0x000000008ae00000| Untracked |  0
|   3|0x000000008af00000, 0x000000008b000000, 0x000000008b000000|100%| O|  |TAMS 0x000000008af00000| PB 0x000000008af00000| Untracked |  0
|   4|0x000000008b000000, 0x000000008b100000, 0x000000008b100000|100%| O|  |TAMS 0x000000008b000000| PB 0x000000008b000000| Untracked |  0
|   5|0x000000008b100000, 0x000000008b200000, 0x000000008b200000|100%| O|  |TAMS 0x000000008b100000| PB 0x000000008b100000| Untracked |  0
|   6|0x000000008b200000, 0x000000008b300000, 0x000000008b300000|100%| O|  |TAMS 0x000000008b200000| PB 0x000000008b200000| Untracked |  0
|   7|0x000000008b300000, 0x000000008b400000, 0x000000008b400000|100%| O|  |TAMS 0x000000008b300000| PB 0x000000008b300000| Untracked |  0
|   8|0x000000008b400000, 0x000000008b500000, 0x000000008b500000|100%| O|  |TAMS 0x000000008b400000| PB 0x000000008b400000| Untracked |  0
|   9|0x000000008b500000, 0x000000008b600000, 0x000000008b600000|100%| O|  |TAMS 0x000000008b500000| PB 0x000000008b500000| Untracked |  0
|  10|0x000000008b600000, 0x000000008b700000, 0x000000008b700000|100%| O|  |TAMS 0x000000008b600000| PB 0x000000008b600000| Untracked |  0
|  11|0x000000008b700000, 0x000000008b800000, 0x000000008b800000|100%| O|  |TAMS 0x000000008b700000| PB 0x000000008b700000| Untracked |  0
|  12|0x000000008b800000, 0x000000008b900000, 0x000000008b900000|100%| O|  |TAMS 0x000000008b800000| PB 0x000000008b800000| Untracked |  0
|  13|0x000000008b900000, 0x000000008ba00000, 0x000000008ba00000|100%| O|  |TAMS 0x000000008b900000| PB 0x000000008b900000| Untracked |  0
|  14|0x000000008ba00000, 0x000000008bb00000, 0x000000008bb00000|100%| O|  |TAMS 0x000000008ba00000| PB 0x000000008ba00000| Untracked |  0
|  15|0x000000008bb00000, 0x000000008bc00000, 0x000000008bc00000|100%| O|  |TAMS 0x000000008bb00000| PB 0x000000008bb00000| Untracked |  0
|  16|0x000000008bc00000, 0x000000008bd00000, 0x000000008bd00000|100%| O|  |TAMS 0x000000008bc00000| PB 0x000000008bc00000| Untracked |  0
|  17|0x000000008bd00000, 0x000000008be00000, 0x000000008be00000|100%| O|  |TAMS 0x000000008bd00000| PB 0x000000008bd00000| Untracked |  0
|  18|0x000000008be00000, 0x000000008bf00000, 0x000000008bf00000|100%| O|  |TAMS 0x000000008be00000| PB 0x000000008be00000| Untracked |  0
|  19|0x000000008bf00000, 0x000000008c000000, 0x000000008c000000|100%| O|Cm|TAMS 0x000000008bf00000| PB 0x000000008bf00000| Complete |  0
|  20|0x000000008c000000, 0x000000008c100000, 0x000000008c100000|100%| O|  |TAMS 0x000000008c000000| PB 0x000000008c000000| Untracked |  0
|  21|0x000000008c100000, 0x000000008c200000, 0x000000008c200000|100%| O|  |TAMS 0x000000008c100000| PB 0x000000008c100000| Untracked |  0
|  22|0x000000008c200000, 0x000000008c300000, 0x000000008c300000|100%| O|  |TAMS 0x000000008c200000| PB 0x000000008c200000| Untracked |  0
|  23|0x000000008c300000, 0x000000008c400000, 0x000000008c400000|100%| O|  |TAMS 0x000000008c300000| PB 0x000000008c300000| Untracked |  0
|  24|0x000000008c400000, 0x000000008c500000, 0x000000008c500000|100%| O|  |TAMS 0x000000008c400000| PB 0x000000008c400000| Untracked |  0
|  25|0x000000008c500000, 0x000000008c600000, 0x000000008c600000|100%| O|  |TAMS 0x000000008c500000| PB 0x000000008c500000| Untracked |  0
|  26|0x000000008c600000, 0x000000008c700000, 0x000000008c700000|100%| O|  |TAMS 0x000000008c600000| PB 0x000000008c600000| Untracked |  0
|  27|0x000000008c700000, 0x000000008c800000, 0x000000008c800000|100%| O|  |TAMS 0x000000008c700000| PB 0x000000008c700000| Untracked |  0
|  28|0x000000008c800000, 0x000000008c900000, 0x000000008c900000|100%| O|  |TAMS 0x000000008c800000| PB 0x000000008c800000| Untracked |  0
|  29|0x000000008c900000, 0x000000008ca00000, 0x000000008ca00000|100%| O|  |TAMS 0x000000008c900000| PB 0x000000008c900000| Untracked |  0
|  30|0x000000008ca00000, 0x000000008cb00000, 0x000000008cb00000|100%| O|  |TAMS 0x000000008ca00000| PB 0x000000008ca00000| Untracked |  0
|  31|0x000000008cb00000, 0x000000008cb00000, 0x000000008cc00000|  0%| F|  |TAMS 0x000000008cb00000| PB 0x000000008cb00000| Untracked |  0
|  32|0x000000008cc00000, 0x000000008cc00000, 0x000000008cd00000|  0%| F|  |TAMS 0x000000008cc00000| PB 0x000000008cc00000| Untracked |  0
|  33|0x000000008cd00000, 0x000000008cd00000, 0x000000008ce00000|  0%| F|  |TAMS 0x000000008cd00000| PB 0x000000008cd00000| Untracked |  0
|  34|0x000000008ce00000, 0x000000008cee6700, 0x000000008cf00000| 90%| O|  |TAMS 0x000000008ce00000| PB 0x000000008ce00000| Untracked |  0
|  35|0x000000008cf00000, 0x000000008cf00000, 0x000000008d000000|  0%| F|  |TAMS 0x000000008cf00000| PB 0x000000008cf00000| Untracked |  0
|  36|0x000000008d000000, 0x000000008d000000, 0x000000008d100000|  0%| F|  |TAMS 0x000000008d000000| PB 0x000000008d000000| Untracked |  0
|  37|0x000000008d100000, 0x000000008d100000, 0x000000008d200000|  0%| F|  |TAMS 0x000000008d100000| PB 0x000000008d100000| Untracked |  0
|  38|0x000000008d200000, 0x000000008d2d59a8, 0x000000008d300000| 83%| S|CS|TAMS 0x000000008d200000| PB 0x000000008d200000| Complete |  0
|  39|0x000000008d300000, 0x000000008d400000, 0x000000008d400000|100%| S|CS|TAMS 0x000000008d300000| PB 0x000000008d300000| Complete |  0
|  40|0x000000008d400000, 0x000000008d400000, 0x000000008d500000|  0%| F|  |TAMS 0x000000008d400000| PB 0x000000008d400000| Untracked |  0
|  41|0x000000008d500000, 0x000000008d500000, 0x000000008d600000|  0%| F|  |TAMS 0x000000008d500000| PB 0x000000008d500000| Untracked |  0
|  42|0x000000008d600000, 0x000000008d600000, 0x000000008d700000|  0%| F|  |TAMS 0x000000008d600000| PB 0x000000008d600000| Untracked |  0
|  43|0x000000008d700000, 0x000000008d70f170, 0x000000008d800000|  5%| E|  |TAMS 0x000000008d700000| PB 0x000000008d700000| Complete |  0
|  44|0x000000008d800000, 0x000000008d900000, 0x000000008d900000|100%| E|CS|TAMS 0x000000008d800000| PB 0x000000008d800000| Complete |  0
|  45|0x000000008d900000, 0x000000008da00000, 0x000000008da00000|100%| E|CS|TAMS 0x000000008d900000| PB 0x000000008d900000| Complete |  0
|  46|0x000000008da00000, 0x000000008db00000, 0x000000008db00000|100%| E|CS|TAMS 0x000000008da00000| PB 0x000000008da00000| Complete |  0
|  47|0x000000008db00000, 0x000000008dc00000, 0x000000008dc00000|100%| E|CS|TAMS 0x000000008db00000| PB 0x000000008db00000| Complete |  0
|  48|0x000000008dc00000, 0x000000008dd00000, 0x000000008dd00000|100%| E|CS|TAMS 0x000000008dc00000| PB 0x000000008dc00000| Complete |  0
|  49|0x000000008dd00000, 0x000000008de00000, 0x000000008de00000|100%| E|CS|TAMS 0x000000008dd00000| PB 0x000000008dd00000| Complete |  0
|  50|0x000000008de00000, 0x000000008df00000, 0x000000008df00000|100%| E|CS|TAMS 0x000000008de00000| PB 0x000000008de00000| Complete |  0
|  51|0x000000008df00000, 0x000000008e000000, 0x000000008e000000|100%| E|CS|TAMS 0x000000008df00000| PB 0x000000008df00000| Complete |  0
|  52|0x000000008e000000, 0x000000008e100000, 0x000000008e100000|100%| E|CS|TAMS 0x000000008e000000| PB 0x000000008e000000| Complete |  0
|  53|0x000000008e100000, 0x000000008e200000, 0x000000008e200000|100%| E|CS|TAMS 0x000000008e100000| PB 0x000000008e100000| Complete |  0
|  54|0x000000008e200000, 0x000000008e300000, 0x000000008e300000|100%| E|CS|TAMS 0x000000008e200000| PB 0x000000008e200000| Complete |  0
|  55|0x000000008e300000, 0x000000008e400000, 0x000000008e400000|100%| E|CS|TAMS 0x000000008e300000| PB 0x000000008e300000| Complete |  0
|  56|0x000000008e400000, 0x000000008e500000, 0x000000008e500000|100%| E|CS|TAMS 0x000000008e400000| PB 0x000000008e400000| Complete |  0
| 111|0x0000000091b00000, 0x0000000091c00000, 0x0000000091c00000|100%| E|CS|TAMS 0x0000000091b00000| PB 0x0000000091b00000| Complete |  0
| 112|0x0000000091c00000, 0x0000000091d00000, 0x0000000091d00000|100%| E|CS|TAMS 0x0000000091c00000| PB 0x0000000091c00000| Complete |  0
| 113|0x0000000091d00000, 0x0000000091e00000, 0x0000000091e00000|100%| E|CS|TAMS 0x0000000091d00000| PB 0x0000000091d00000| Complete |  0
| 114|0x0000000091e00000, 0x0000000091f00000, 0x0000000091f00000|100%| E|CS|TAMS 0x0000000091e00000| PB 0x0000000091e00000| Complete |  0
| 116|0x0000000092000000, 0x0000000092100000, 0x0000000092100000|100%| E|CS|TAMS 0x0000000092000000| PB 0x0000000092000000| Complete |  0
| 117|0x0000000092100000, 0x0000000092200000, 0x0000000092200000|100%| E|CS|TAMS 0x0000000092100000| PB 0x0000000092100000| Complete |  0
|1874|0x00000000ffe00000, 0x00000000fff00000, 0x00000000fff00000|100%| O|  |TAMS 0x00000000ffe00000| PB 0x00000000ffe00000| Untracked |  0
|1875|0x00000000fff00000, 0x0000000100000000, 0x0000000100000000|100%| E|CS|TAMS 0x00000000fff00000| PB 0x00000000fff00000| Complete |  0

Card table byte_map: [0x000001bee2bd0000,0x000001bee2f80000] _byte_map_base: 0x000001bee277a000

Marking Bits: (CMBitMap*) 0x000001becaa88380
 Bits: [0x000001bee2f80000, 0x000001bee4cd0000)

Polling page: 0x000001beca200000

Metaspace:
Metaspace        used 75652K, committed 76160K, reserved 1114112K
 class space     used 11409K, committed 11648K, reserved 1048576K

Usage:
  Non-class:     62.74 MB used.
      Class:     11.14 MB used.
       Both:     73.88 MB used.

Virtual space:
  Non-class space:       64.00 MB reserved,      63.00 MB ( 98%) committed,  1 nodes.
      Class space:        1.00 GB reserved,      11.38 MB (  1%) committed,  1 nodes.
             Both:        1.06 GB reserved,      74.38 MB (  7%) committed. 

Chunk freelists:
   Non-Class:  832.00 KB
       Class:  4.65 MB
        Both:  5.46 MB

MaxMetaspaceSize: unlimited
CompressedClassSpaceSize: 1.00 GB
Initial GC threshold: 21.00 MB
Current GC threshold: 112.00 MB
CDS: on
 - commit_granule_bytes: 65536.
 - commit_granule_words: 8192.
 - virtual_space_node_default_size: 8388608.
 - enlarge_chunks_in_place: 1.
UseCompressedClassPointers 1, UseCompactObjectHeaders 0
Narrow klass pointer bits 32, Max shift 3
Narrow klass base: 0x0000000025000000, Narrow klass shift: 0
Encoding Range: [0x0000000025000000 - 0x0000000125000000), (4294967296 bytes)
Klass Range:    [0x0000000025010000 - 0x0000000066000000), (1090453504 bytes)
Klass ID Range:  [65536 - 1090519033) (1090453497)
Protection zone: [0x0000000025000000 - 0x0000000025010000), (65536 bytes)


Internal statistics:

num_allocs_failed_limit: 6.
num_arena_births: 620.
num_arena_deaths: 0.
num_vsnodes_births: 2.
num_vsnodes_deaths: 0.
num_space_committed: 1190.
num_space_uncommitted: 0.
num_chunks_returned_to_freelist: 6.
num_chunks_taken_from_freelist: 3293.
num_chunk_merges: 3.
num_chunk_splits: 2506.
num_chunks_enlarged: 2150.
num_inconsistent_stats: 0.

CodeHeap 'non-profiled nmethods': size=120064Kb used=2432Kb max_used=2432Kb free=117631Kb
 bounds [0x000001bedad80000, 0x000001bedaff0000, 0x000001bee22c0000]
CodeHeap 'profiled nmethods': size=120000Kb used=7951Kb max_used=7951Kb free=112048Kb
 bounds [0x000001bed32c0000, 0x000001bed3a90000, 0x000001beda7f0000]
CodeHeap 'non-nmethods': size=5696Kb used=1605Kb max_used=1721Kb free=4090Kb
 bounds [0x000001beda7f0000, 0x000001bedaa60000, 0x000001bedad80000]
CodeCache: size=245760Kb, used=11988Kb, max_used=12104Kb, free=233769Kb
 total_blobs=6007, nmethods=5285, adapters=624, full_count=0
Compilation: enabled, stopped_count=0, restarted_count=0

Compilation events (20 events):
Event: 25.293 Thread 0x000001bee7906290 6177       4       org.springframework.boot.context.properties.source.SystemEnvironmentPropertyMapper$$Lambda/0x000000002620c718::test (16 bytes)
Event: 25.307 Thread 0x000001bee7906290 nmethod 6177 0x000001bedafdaf08 code [0x000001bedafdb000, 0x000001bedafdb7a8]
Event: 25.307 Thread 0x000001bee7906290 6178       4       org.springframework.boot.context.properties.source.SystemEnvironmentPropertyMapper::isLegacyAncestorOf (32 bytes)
Event: 25.318 Thread 0x000001bee7906290 nmethod 6178 0x000001bedafdb808 code [0x000001bedafdb900, 0x000001bedafdbfb0]
Event: 25.318 Thread 0x000001bee7906290 6182       4       org.springframework.boot.context.properties.source.PropertyMapper$$Lambda/0x00000000261a5958::test (12 bytes)
Event: 25.321 Thread 0x000001bee7906290 nmethod 6182 0x000001bedafdc008 code [0x000001bedafdc100, 0x000001bedafdc270]
Event: 25.321 Thread 0x000001bee7906290 6238       4       org.springframework.core.BridgeMethodResolver::resolveBridgeMethod (173 bytes)
Event: 25.334 Thread 0x000001bee7906290 nmethod 6238 0x000001bedafdc308 code [0x000001bedafdc400, 0x000001bedafdcb78]
Event: 25.334 Thread 0x000001bee7906290 6069       4       org.springframework.util.ConcurrentReferenceHashMap::computeIfAbsent (68 bytes)
Event: 25.536 Thread 0x000001bee7906290 nmethod 6069 0x000001bedafdcc08 code [0x000001bedafdcd00, 0x000001bedafdf918]
Event: 25.536 Thread 0x000001bee7906290 6219       4       org.springframework.core.annotation.AnnotatedElementUtils::getAnnotations (11 bytes)
Event: 25.556 Thread 0x000001bee7906290 nmethod 6219 0x000001bedafdfa08 code [0x000001bedafdfb00, 0x000001bedafdfff0]
Event: 25.556 Thread 0x000001bee7906290 6185       4       org.springframework.core.annotation.AnnotatedElementUtils::getMergedAnnotationAttributes (22 bytes)
Event: 25.988 Thread 0x000001bee7909dc0 6255       3       java.util.concurrent.ThreadPoolExecutor$Worker::unlock (7 bytes)
Event: 25.989 Thread 0x000001bee7909dc0 nmethod 6255 0x000001bed3a81588 code [0x000001bed3a81680, 0x000001bed3a81a58]
Event: 25.989 Thread 0x000001bee7909dc0 6256       3       java.util.concurrent.ThreadPoolExecutor$Worker::tryRelease (12 bytes)
Event: 25.989 Thread 0x000001bee7909dc0 nmethod 6256 0x000001bed3a81a88 code [0x000001bed3a81b80, 0x000001bed3a81de8]
Event: 26.191 Thread 0x000001bee7909dc0 6257   !   3       java.util.concurrent.ThreadPoolExecutor::getTask (177 bytes)
Event: 26.741 Thread 0x000001bee7909dc0 nmethod 6257 0x000001bed3a81e08 code [0x000001bed3a81f00, 0x000001bed3a82e08]
Event: 26.742 Thread 0x000001bee7909dc0 6260       3       java.util.concurrent.ThreadPoolExecutor::beforeExecute (1 bytes)

GC Heap Usage History (20 events):
Event: 16.951 {heap Before GC invocations=9 (full 0):
 garbage-first heap   total reserved 1921024K, committed 55296K, used 45381K [0x000000008ac00000, 0x0000000100000000)
  region size 1024K, 23 young (23552K), 1 survivors (1024K)
}
Event: 16.961 {heap After GC invocations=10 (full 0):
 garbage-first heap   total reserved 1921024K, committed 55296K, used 25522K [0x000000008ac00000, 0x0000000100000000)
  region size 1024K, 3 young (3072K), 3 survivors (3072K)
}
Event: 18.124 {heap Before GC invocations=10 (full 0):
 garbage-first heap   total reserved 1921024K, committed 55296K, used 46002K [0x000000008ac00000, 0x0000000100000000)
  region size 1024K, 24 young (24576K), 3 survivors (3072K)
}
Event: 18.135 {heap After GC invocations=11 (full 0):
 garbage-first heap   total reserved 1921024K, committed 55296K, used 27091K [0x000000008ac00000, 0x0000000100000000)
  region size 1024K, 2 young (2048K), 2 survivors (2048K)
}
Event: 19.283 {heap Before GC invocations=11 (full 0):
 garbage-first heap   total reserved 1921024K, committed 55296K, used 47571K [0x000000008ac00000, 0x0000000100000000)
  region size 1024K, 23 young (23552K), 2 survivors (2048K)
}
Event: 19.290 {heap After GC invocations=12 (full 0):
 garbage-first heap   total reserved 1921024K, committed 55296K, used 27759K [0x000000008ac00000, 0x0000000100000000)
  region size 1024K, 3 young (3072K), 3 survivors (3072K)
}
Event: 20.346 {heap Before GC invocations=13 (full 0):
 garbage-first heap   total reserved 1921024K, committed 55296K, used 49263K [0x000000008ac00000, 0x0000000100000000)
  region size 1024K, 24 young (24576K), 3 survivors (3072K)
}
Event: 20.359 {heap After GC invocations=14 (full 0):
 garbage-first heap   total reserved 1921024K, committed 55296K, used 29370K [0x000000008ac00000, 0x0000000100000000)
  region size 1024K, 3 young (3072K), 3 survivors (3072K)
}
Event: 21.068 {heap Before GC invocations=14 (full 0):
 garbage-first heap   total reserved 1921024K, committed 55296K, used 47802K [0x000000008ac00000, 0x0000000100000000)
  region size 1024K, 22 young (22528K), 3 survivors (3072K)
}
Event: 21.081 {heap After GC invocations=15 (full 0):
 garbage-first heap   total reserved 1921024K, committed 55296K, used 30623K [0x000000008ac00000, 0x0000000100000000)
  region size 1024K, 3 young (3072K), 3 survivors (3072K)
}
Event: 21.562 {heap Before GC invocations=15 (full 0):
 garbage-first heap   total reserved 1921024K, committed 55296K, used 50079K [0x000000008ac00000, 0x0000000100000000)
  region size 1024K, 22 young (22528K), 3 survivors (3072K)
}
Event: 21.574 {heap After GC invocations=16 (full 0):
 garbage-first heap   total reserved 1921024K, committed 66560K, used 31746K [0x000000008ac00000, 0x0000000100000000)
  region size 1024K, 2 young (2048K), 2 survivors (2048K)
}
Event: 21.855 {heap Before GC invocations=17 (full 0):
 garbage-first heap   total reserved 1921024K, committed 66560K, used 58370K [0x000000008ac00000, 0x0000000100000000)
  region size 1024K, 28 young (28672K), 2 survivors (2048K)
}
Event: 21.865 {heap After GC invocations=18 (full 0):
 garbage-first heap   total reserved 1921024K, committed 66560K, used 32595K [0x000000008ac00000, 0x0000000100000000)
  region size 1024K, 3 young (3072K), 3 survivors (3072K)
}
Event: 22.319 {heap Before GC invocations=18 (full 0):
 garbage-first heap   total reserved 1921024K, committed 66560K, used 59219K [0x000000008ac00000, 0x0000000100000000)
  region size 1024K, 29 young (29696K), 3 survivors (3072K)
}
Event: 22.328 {heap After GC invocations=19 (full 0):
 garbage-first heap   total reserved 1921024K, committed 66560K, used 32240K [0x000000008ac00000, 0x0000000100000000)
  region size 1024K, 1 young (1024K), 1 survivors (1024K)
}
Event: 22.755 {heap Before GC invocations=19 (full 0):
 garbage-first heap   total reserved 1921024K, committed 66560K, used 60912K [0x000000008ac00000, 0x0000000100000000)
  region size 1024K, 29 young (29696K), 1 survivors (1024K)
}
Event: 22.767 {heap After GC invocations=20 (full 0):
 garbage-first heap   total reserved 1921024K, committed 66560K, used 35266K [0x000000008ac00000, 0x0000000100000000)
  region size 1024K, 4 young (4096K), 4 survivors (4096K)
}
Event: 23.724 {heap Before GC invocations=21 (full 0):
 garbage-first heap   total reserved 1921024K, committed 66560K, used 58818K [0x000000008ac00000, 0x0000000100000000)
  region size 1024K, 28 young (28672K), 4 survivors (4096K)
}
Event: 23.736 {heap After GC invocations=22 (full 0):
 garbage-first heap   total reserved 1921024K, committed 66560K, used 35568K [0x000000008ac00000, 0x0000000100000000)
  region size 1024K, 2 young (2048K), 2 survivors (2048K)
}

Metaspace Usage History (20 events):
Event: 16.951 {metaspace Before GC invocations=9 (full 0):
 Metaspace       used 41427K, committed 41792K, reserved 1114112K
  class space    used 5969K, committed 6144K, reserved 1048576K
}
Event: 16.961 {metaspace After GC invocations=10 (full 0):
 Metaspace       used 41427K, committed 41792K, reserved 1114112K
  class space    used 5969K, committed 6144K, reserved 1048576K
}
Event: 18.124 {metaspace Before GC invocations=10 (full 0):
 Metaspace       used 48383K, committed 48768K, reserved 1114112K
  class space    used 6858K, committed 7040K, reserved 1048576K
}
Event: 18.135 {metaspace After GC invocations=11 (full 0):
 Metaspace       used 48383K, committed 48768K, reserved 1114112K
  class space    used 6858K, committed 7040K, reserved 1048576K
}
Event: 19.283 {metaspace Before GC invocations=11 (full 0):
 Metaspace       used 55568K, committed 56000K, reserved 1114112K
  class space    used 7992K, committed 8192K, reserved 1048576K
}
Event: 19.290 {metaspace After GC invocations=12 (full 0):
 Metaspace       used 55568K, committed 56000K, reserved 1114112K
  class space    used 7992K, committed 8192K, reserved 1048576K
}
Event: 20.346 {metaspace Before GC invocations=13 (full 0):
 Metaspace       used 61009K, committed 61440K, reserved 1114112K
  class space    used 8930K, committed 9088K, reserved 1048576K
}
Event: 20.359 {metaspace After GC invocations=14 (full 0):
 Metaspace       used 61009K, committed 61440K, reserved 1114112K
  class space    used 8930K, committed 9088K, reserved 1048576K
}
Event: 21.068 {metaspace Before GC invocations=14 (full 0):
 Metaspace       used 64261K, committed 64640K, reserved 1114112K
  class space    used 9361K, committed 9536K, reserved 1048576K
}
Event: 21.081 {metaspace After GC invocations=15 (full 0):
 Metaspace       used 64261K, committed 64640K, reserved 1114112K
  class space    used 9361K, committed 9536K, reserved 1048576K
}
Event: 21.562 {metaspace Before GC invocations=15 (full 0):
 Metaspace       used 66420K, committed 66816K, reserved 1114112K
  class space    used 9831K, committed 9984K, reserved 1048576K
}
Event: 21.574 {metaspace After GC invocations=16 (full 0):
 Metaspace       used 66420K, committed 66816K, reserved 1114112K
  class space    used 9831K, committed 9984K, reserved 1048576K
}
Event: 21.855 {metaspace Before GC invocations=17 (full 0):
 Metaspace       used 66423K, committed 66816K, reserved 1114112K
  class space    used 9831K, committed 9984K, reserved 1048576K
}
Event: 21.865 {metaspace After GC invocations=18 (full 0):
 Metaspace       used 66423K, committed 66816K, reserved 1114112K
  class space    used 9831K, committed 9984K, reserved 1048576K
}
Event: 22.319 {metaspace Before GC invocations=18 (full 0):
 Metaspace       used 66423K, committed 66816K, reserved 1114112K
  class space    used 9831K, committed 9984K, reserved 1048576K
}
Event: 22.328 {metaspace After GC invocations=19 (full 0):
 Metaspace       used 66423K, committed 66816K, reserved 1114112K
  class space    used 9831K, committed 9984K, reserved 1048576K
}
Event: 22.755 {metaspace Before GC invocations=19 (full 0):
 Metaspace       used 68338K, committed 68736K, reserved 1114112K
  class space    used 10273K, committed 10432K, reserved 1048576K
}
Event: 22.767 {metaspace After GC invocations=20 (full 0):
 Metaspace       used 68338K, committed 68736K, reserved 1114112K
  class space    used 10273K, committed 10432K, reserved 1048576K
}
Event: 23.725 {metaspace Before GC invocations=21 (full 0):
 Metaspace       used 72338K, committed 72768K, reserved 1114112K
  class space    used 10936K, committed 11136K, reserved 1048576K
}
Event: 23.736 {metaspace After GC invocations=22 (full 0):
 Metaspace       used 72338K, committed 72768K, reserved 1114112K
  class space    used 10936K, committed 11136K, reserved 1048576K
}

Dll operation events (8 events):
Event: 0.024 Loaded shared library C:\Program Files\Java\jdk-25.0.2\bin\java.dll
Event: 0.247 Loaded shared library C:\Program Files\Java\jdk-25.0.2\bin\net.dll
Event: 0.255 Loaded shared library C:\Program Files\Java\jdk-25.0.2\bin\nio.dll
Event: 0.264 Loaded shared library C:\Program Files\Java\jdk-25.0.2\bin\zip.dll
Event: 0.606 Loaded shared library C:\Program Files\Java\jdk-25.0.2\bin\management.dll
Event: 0.611 Loaded shared library C:\Program Files\Java\jdk-25.0.2\bin\management_ext.dll
Event: 0.659 Loaded shared library C:\Program Files\Java\jdk-25.0.2\bin\jimage.dll
Event: 11.988 Loaded shared library C:\Program Files\Java\jdk-25.0.2\bin\sunmscapi.dll

Deoptimization events (20 events):
Event: 24.631 Thread 0x000001bec8626c10 Uncommon trap: trap_request=0xffffffde fr.pc=0x000001bedaf8283c relative=0x000000000000123c
Event: 24.631 Thread 0x000001bec8626c10 Uncommon trap: reason=class_check action=maybe_recompile pc=0x000001bedaf8283c method=org.springframework.core.annotation.AnnotationsScanner.processClassHierarchy(Ljava/lang/Object;[ILjava/lang/Class;Lorg/springframework/core/annotation/AnnotationsProcess
Event: 24.631 Thread 0x000001bec8626c10 DEOPT PACKING pc=0x000001bedaf8283c sp=0x000000b6a52fce90
Event: 24.631 Thread 0x000001bec8626c10 DEOPT UNPACKING pc=0x000001beda90c482 sp=0x000000b6a52fce90 mode 2
Event: 24.633 Thread 0x000001bec8626c10 Uncommon trap: trap_request=0xffffffde fr.pc=0x000001bedaf85894 relative=0x0000000000000594
Event: 24.633 Thread 0x000001bec8626c10 Uncommon trap: reason=class_check action=maybe_recompile pc=0x000001bedaf85894 method=org.springframework.core.annotation.AnnotationsScanner.isWithoutHierarchy(Ljava/lang/reflect/AnnotatedElement;Ljava/util/function/Predicate;)Z @ 45 c2
Event: 24.633 Thread 0x000001bec8626c10 DEOPT PACKING pc=0x000001bedaf85894 sp=0x000000b6a52fce50
Event: 24.633 Thread 0x000001bec8626c10 DEOPT UNPACKING pc=0x000001beda90c482 sp=0x000000b6a52fce08 mode 2
Event: 24.634 Thread 0x000001bec8626c10 Uncommon trap: trap_request=0xffffffde fr.pc=0x000001bedaf8283c relative=0x000000000000123c
Event: 24.634 Thread 0x000001bec8626c10 Uncommon trap: reason=class_check action=maybe_recompile pc=0x000001bedaf8283c method=org.springframework.core.annotation.AnnotationsScanner.processClassHierarchy(Ljava/lang/Object;[ILjava/lang/Class;Lorg/springframework/core/annotation/AnnotationsProcess
Event: 24.634 Thread 0x000001bec8626c10 DEOPT PACKING pc=0x000001bedaf8283c sp=0x000000b6a52fcdf0
Event: 24.634 Thread 0x000001bec8626c10 DEOPT UNPACKING pc=0x000001beda90c482 sp=0x000000b6a52fcdf0 mode 2
Event: 24.747 Thread 0x000001bec8626c10 Uncommon trap: trap_request=0xffffffde fr.pc=0x000001bedae73d8c relative=0x000000000000190c
Event: 24.747 Thread 0x000001bec8626c10 Uncommon trap: reason=class_check action=maybe_recompile pc=0x000001bedae73d8c method=java.util.zip.InflaterInputStream.read([BII)I @ 78 c2
Event: 24.747 Thread 0x000001bec8626c10 DEOPT PACKING pc=0x000001bedae73d8c sp=0x000000b6a52fa280
Event: 24.747 Thread 0x000001bec8626c10 DEOPT UNPACKING pc=0x000001beda90c482 sp=0x000000b6a52fa2d0 mode 2
Event: 24.747 Thread 0x000001bec8626c10 Uncommon trap: trap_request=0xffffffde fr.pc=0x000001bedae73d8c relative=0x000000000000190c
Event: 24.747 Thread 0x000001bec8626c10 Uncommon trap: reason=class_check action=maybe_recompile pc=0x000001bedae73d8c method=java.util.zip.InflaterInputStream.read([BII)I @ 78 c2
Event: 24.747 Thread 0x000001bec8626c10 DEOPT PACKING pc=0x000001bedae73d8c sp=0x000000b6a52fa280
Event: 24.747 Thread 0x000001bec8626c10 DEOPT UNPACKING pc=0x000001beda90c482 sp=0x000000b6a52fa2d0 mode 2

Classes loaded (20 events):
Event: 24.767 Loading class java/lang/ProcessImpl
Event: 24.768 Loading class java/lang/ProcessImpl done
Event: 25.066 Loading class java/lang/Process$PipeOutputStream
Event: 25.066 Loading class java/lang/Process$PipeOutputStream done
Event: 25.066 Loading class java/lang/Process$PipeInputStream
Event: 25.066 Loading class java/lang/Process$PipeInputStream done
Event: 25.066 Loading class jdk/internal/event/ProcessStartEvent
Event: 25.067 Loading class jdk/internal/event/ProcessStartEvent done
Event: 25.067 Loading class jdk/internal/logger/LazyLoggers
Event: 25.068 Loading class jdk/internal/logger/LazyLoggers done
Event: 25.068 Loading class jdk/internal/logger/LazyLoggers$1
Event: 25.068 Loading class jdk/internal/logger/LazyLoggers$1 done
Event: 25.068 Loading class jdk/internal/logger/LazyLoggers$LazyLoggerFactories
Event: 25.069 Loading class jdk/internal/logger/LazyLoggers$LazyLoggerFactories done
Event: 25.069 Loading class jdk/internal/logger/LoggerFinderLoader
Event: 25.070 Loading class jdk/internal/logger/LoggerFinderLoader done
Event: 25.071 Loading class jdk/internal/logger/LoggerFinderLoader$TemporaryLoggerFinder
Event: 25.072 Loading class jdk/internal/logger/LoggerFinderLoader$TemporaryLoggerFinder done
Event: 25.073 Loading class sun/util/logging/internal/LoggingProviderImpl$JULWrapper
Event: 25.074 Loading class sun/util/logging/internal/LoggingProviderImpl$JULWrapper done

Classes unloaded (0 events):
No events

Classes redefined (0 events):
No events

Internal exceptions (20 events):
Event: 23.738 Thread 0x000001bec8626c10 Exception <a 'java/lang/NoSuchMethodError'{0x00000000fff04be0}: 'java.lang.Object java.lang.invoke.DirectMethodHandle$Holder.invokeVirtual(java.lang.Object, java.lang.Object, java.lang.Object, java.lang.Object, java.lang.Object, java.lang.Object)'> (0x00000000fff04be0) 
thrown [s\open\src\hotspot\share\interpreter\linkResolver.cpp, line 804]
Event: 23.871 Thread 0x000001bec8626c10 Exception <a 'java/lang/IncompatibleClassChangeError'{0x0000000091e4d868}: Found class java.lang.Object, but interface was expected> (0x0000000091e4d868) 
thrown [s\open\src\hotspot\share\interpreter\linkResolver.cpp, line 871]
Event: 24.036 Thread 0x000001bec8626c10 Exception <a 'java/lang/NoSuchMethodError'{0x0000000091bc1fe0}: 'int java.lang.invoke.DirectMethodHandle$Holder.invokeStaticInit(java.lang.Object, java.lang.Object, java.lang.Object, java.lang.Object)'> (0x0000000091bc1fe0) 
thrown [s\open\src\hotspot\share\interpreter\linkResolver.cpp, line 804]
Event: 24.220 Thread 0x000001bec8626c10 Exception <a 'java/lang/IncompatibleClassChangeError'{0x000000008e10bee0}: Found class java.lang.Object, but interface was expected> (0x000000008e10bee0) 
thrown [s\open\src\hotspot\share\interpreter\linkResolver.cpp, line 871]
Event: 24.238 Thread 0x000001bec8626c10 Implicit null exception at 0x000001bedaecb625 to 0x000001bedaecb76c
Event: 24.446 Thread 0x000001bec8626c10 Exception <a 'java/lang/NoSuchMethodError'{0x000000008dd2abd8}: 'void java.lang.invoke.DirectMethodHandle$Holder.invokeInterface(java.lang.Object, java.lang.Object, int)'> (0x000000008dd2abd8) 
thrown [s\open\src\hotspot\share\interpreter\linkResolver.cpp, line 804]
Event: 24.450 Thread 0x000001bec8626c10 Exception <a 'java/lang/IncompatibleClassChangeError'{0x000000008dd52a48}: Found class java.lang.Object, but interface was expected> (0x000000008dd52a48) 
thrown [s\open\src\hotspot\share\interpreter\linkResolver.cpp, line 871]
Event: 24.452 Thread 0x000001bec8626c10 Exception <a 'java/lang/IncompatibleClassChangeError'{0x000000008dd630e0}: Found class java.lang.Object, but interface was expected> (0x000000008dd630e0) 
thrown [s\open\src\hotspot\share\interpreter\linkResolver.cpp, line 871]
Event: 24.454 Thread 0x000001bec8626c10 Exception <a 'java/lang/IncompatibleClassChangeError'{0x000000008dd73940}: Found class java.lang.Object, but interface was expected> (0x000000008dd73940) 
thrown [s\open\src\hotspot\share\interpreter\linkResolver.cpp, line 871]
Event: 24.456 Thread 0x000001bec8626c10 Exception <a 'java/lang/IncompatibleClassChangeError'{0x000000008dd84680}: Found class java.lang.Object, but interface was expected> (0x000000008dd84680) 
thrown [s\open\src\hotspot\share\interpreter\linkResolver.cpp, line 871]
Event: 24.460 Thread 0x000001bec8626c10 Exception <a 'java/lang/IncompatibleClassChangeError'{0x000000008dda4eb0}: Found class java.lang.Object, but interface was expected> (0x000000008dda4eb0) 
thrown [s\open\src\hotspot\share\interpreter\linkResolver.cpp, line 871]
Event: 24.466 Thread 0x000001bec8626c10 Exception <a 'java/lang/IncompatibleClassChangeError'{0x000000008dde4ae0}: Found class java.lang.Object, but interface was expected> (0x000000008dde4ae0) 
thrown [s\open\src\hotspot\share\interpreter\linkResolver.cpp, line 871]
Event: 24.467 Thread 0x000001bec8626c10 Exception <a 'java/lang/IncompatibleClassChangeError'{0x000000008dded870}: Found class java.lang.Object, but interface was expected> (0x000000008dded870) 
thrown [s\open\src\hotspot\share\interpreter\linkResolver.cpp, line 871]
Event: 24.471 Thread 0x000001bec8626c10 Exception <a 'java/lang/IncompatibleClassChangeError'{0x000000008dc15c88}: Found class java.lang.Object, but interface was expected> (0x000000008dc15c88) 
thrown [s\open\src\hotspot\share\interpreter\linkResolver.cpp, line 871]
Event: 24.472 Thread 0x000001bec8626c10 Exception <a 'java/lang/IncompatibleClassChangeError'{0x000000008dc26708}: Found class java.lang.Object, but interface was expected> (0x000000008dc26708) 
thrown [s\open\src\hotspot\share\interpreter\linkResolver.cpp, line 871]
Event: 24.473 Thread 0x000001bec8626c10 Exception <a 'java/lang/IncompatibleClassChangeError'{0x000000008dc3f2f0}: Found class java.lang.Object, but interface was expected> (0x000000008dc3f2f0) 
thrown [s\open\src\hotspot\share\interpreter\linkResolver.cpp, line 871]
Event: 24.475 Thread 0x000001bec8626c10 Exception <a 'java/lang/NoSuchMethodError'{0x000000008dc515f0}: 'void java.lang.invoke.DirectMethodHandle$Holder.invokeStatic(java.lang.Object, int, java.lang.Object)'> (0x000000008dc515f0) 
thrown [s\open\src\hotspot\share\interpreter\linkResolver.cpp, line 804]
Event: 24.524 Thread 0x000001bec8626c10 Exception <a 'java/lang/NoSuchMethodError'{0x000000008db81ba0}: 'java.lang.Object java.lang.invoke.DirectMethodHandle$Holder.newInvokeSpecial(java.lang.Object, java.lang.Object, int, java.lang.Object, java.lang.Object)'> (0x000000008db81ba0) 
thrown [s\open\src\hotspot\share\interpreter\linkResolver.cpp, line 804]
Event: 24.731 Thread 0x000001bec8626c10 Exception <a 'java/lang/NoSuchMethodError'{0x000000008d8676d0}: 'long java.lang.invoke.DelegatingMethodHandle$Holder.reinvoke_L(java.lang.Object, java.lang.Object)'> (0x000000008d8676d0) 
thrown [s\open\src\hotspot\share\interpreter\linkResolver.cpp, line 804]
Event: 25.065 Thread 0x000001bec8626c10 Exception <a 'java/lang/NoSuchMethodError'{0x000000008d89aa90}: 'void java.lang.invoke.DirectMethodHandle$Holder.invokeStatic(java.lang.Object, long)'> (0x000000008d89aa90) 
thrown [s\open\src\hotspot\share\interpreter\linkResolver.cpp, line 804]

VM Operations (20 events):
Event: 22.754 Executing safepoint VM operation: G1CollectForAllocation (G1 Evacuation Pause)
Event: 22.767 Executing safepoint VM operation: G1CollectForAllocation (G1 Evacuation Pause) done
Event: 22.810 Executing safepoint VM operation: G1PauseRemark
Event: 22.819 Executing safepoint VM operation: G1PauseRemark done
Event: 22.833 Executing safepoint VM operation: G1PauseCleanup
Event: 22.834 Executing safepoint VM operation: G1PauseCleanup done
Event: 23.724 Executing safepoint VM operation: G1CollectForAllocation (G1 Evacuation Pause)
Event: 23.736 Executing safepoint VM operation: G1CollectForAllocation (G1 Evacuation Pause) done
Event: 23.815 Executing non-safepoint VM operation: HandshakeAllThreads (Deoptimize)
Event: 23.815 Executing non-safepoint VM operation: HandshakeAllThreads (Deoptimize) done
Event: 23.824 Executing non-safepoint VM operation: HandshakeAllThreads (Deoptimize)
Event: 23.824 Executing non-safepoint VM operation: HandshakeAllThreads (Deoptimize) done
Event: 23.825 Executing non-safepoint VM operation: HandshakeAllThreads (Deoptimize)
Event: 23.825 Executing non-safepoint VM operation: HandshakeAllThreads (Deoptimize) done
Event: 23.890 Executing non-safepoint VM operation: HandshakeAllThreads (Deoptimize)
Event: 23.890 Executing non-safepoint VM operation: HandshakeAllThreads (Deoptimize) done
Event: 23.974 Executing non-safepoint VM operation: HandshakeAllThreads (Deoptimize)
Event: 23.974 Executing non-safepoint VM operation: HandshakeAllThreads (Deoptimize) done
Event: 24.746 Executing non-safepoint VM operation: HandshakeAllThreads (Deoptimize)
Event: 24.747 Executing non-safepoint VM operation: HandshakeAllThreads (Deoptimize) done

Memory protections (0 events):
No events

Nmethod flushes (20 events):
Event: 22.818 Thread 0x000001bee78d0030 flushing  nmethod 0x000001bed35b7408
Event: 22.818 Thread 0x000001bee78d0030 flushing  nmethod 0x000001bed35bd888
Event: 22.818 Thread 0x000001bee78d0030 flushing  nmethod 0x000001bed35cec88
Event: 22.818 Thread 0x000001bee78d0030 flushing  nmethod 0x000001bed360a508
Event: 22.818 Thread 0x000001bee78d0030 flushing  nmethod 0x000001bed3654808
Event: 22.818 Thread 0x000001bee78d0030 flushing  nmethod 0x000001bed36edb08
Event: 22.818 Thread 0x000001bee78d0030 flushing  nmethod 0x000001bed3709308
Event: 22.818 Thread 0x000001bee78d0030 flushing  nmethod 0x000001bed3721e08
Event: 22.818 Thread 0x000001bee78d0030 flushing  nmethod 0x000001bed3722188
Event: 22.818 Thread 0x000001bee78d0030 flushing  nmethod 0x000001bed3722588
Event: 22.818 Thread 0x000001bee78d0030 flushing  nmethod 0x000001bed3730008
Event: 22.818 Thread 0x000001bee78d0030 flushing  nmethod 0x000001bed3861088
Event: 22.818 Thread 0x000001bee78d0030 flushing  nmethod 0x000001bed3880f08
Event: 22.818 Thread 0x000001bee78d0030 flushing  nmethod 0x000001bed3890a88
Event: 22.818 Thread 0x000001bee78d0030 flushing  nmethod 0x000001bed3892108
Event: 22.818 Thread 0x000001bee78d0030 flushing  nmethod 0x000001bed389e608
Event: 22.818 Thread 0x000001bee78d0030 flushing  nmethod 0x000001bed389fb08
Event: 22.818 Thread 0x000001bee78d0030 flushing  nmethod 0x000001bed38a2388
Event: 22.818 Thread 0x000001bee78d0030 flushing  nmethod 0x000001bed3951588
Event: 22.818 Thread 0x000001bee78d0030 flushing  nmethod 0x000001bed39f3288

Events (20 events):
Event: 0.451 Thread 0x000001bee7909dc0 Thread added: 0x000001bee7aa0f50
Event: 0.655 Thread 0x000001bee7aa0f50 Thread exited: 0x000001bee7aa0f50
Event: 1.684 Thread 0x000001bec8626c10 Thread added: 0x000001beec208b00
Event: 1.754 Thread 0x000001bec8626c10 Thread added: 0x000001beec19a1d0
Event: 2.029 Thread 0x000001bee7909dc0 Thread added: 0x000001beec93f350
Event: 2.825 Thread 0x000001beec93f350 Thread exited: 0x000001beec93f350
Event: 11.036 Thread 0x000001bec8626c10 Thread added: 0x000001beec5272c0
Event: 11.845 Thread 0x000001bec8626c10 Thread added: 0x000001beed782690
Event: 11.939 Thread 0x000001beed782690 Thread exited: 0x000001beed782690
Event: 12.117 Thread 0x000001beec5272c0 Thread exited: 0x000001beec5272c0
Event: 13.975 Thread 0x000001bee7909dc0 Thread added: 0x000001beecece7c0
Event: 14.043 Thread 0x000001bee7909dc0 Thread added: 0x000001beeced1010
Event: 15.270 Thread 0x000001beeced1010 Thread exited: 0x000001beeced1010
Event: 16.828 Thread 0x000001bec8626c10 Thread added: 0x000001beecf3c200
Event: 16.876 Thread 0x000001beecece7c0 Thread exited: 0x000001beecece7c0
Event: 17.461 Thread 0x000001bec8626c10 Thread added: 0x000001beecf3f8b0
Event: 17.569 Thread 0x000001beecf3f8b0 Thread added: 0x000001beee652a80
Event: 20.312 Thread 0x000001bec8626c10 Thread added: 0x000001beee651ae0
Event: 20.315 Thread 0x000001beee651ae0 Thread exited: 0x000001beee651ae0
Event: 22.861 Thread 0x000001beee652a80 Thread exited: 0x000001beee652a80


Dynamic libraries:
0x00007ff688cc0000 - 0x00007ff688cd0000 	C:\Program Files\Java\jdk-25.0.2\bin\java.exe
0x00007ff82f9e0000 - 0x00007ff82fc46000 	C:\WINDOWS\SYSTEM32\ntdll.dll
0x00007ff82eae0000 - 0x00007ff82eba9000 	C:\WINDOWS\System32\KERNEL32.DLL
0x00007ff82cf70000 - 0x00007ff82d36e000 	C:\WINDOWS\System32\KERNELBASE.dll
0x00007ff82d410000 - 0x00007ff82d55c000 	C:\WINDOWS\System32\ucrtbase.dll
0x00007ff8227d0000 - 0x00007ff8227e7000 	C:\Program Files\Java\jdk-25.0.2\bin\jli.dll
0x00007ff80e830000 - 0x00007ff80e84e000 	C:\Program Files\Java\jdk-25.0.2\bin\VCRUNTIME140.dll
0x00007ff82dd70000 - 0x00007ff82df37000 	C:\WINDOWS\System32\USER32.dll
0x00007ff811820000 - 0x00007ff811ab2000 	C:\WINDOWS\WinSxS\amd64_microsoft.windows.common-controls_6595b64144ccf1df_6.0.26100.8875_none_3e0d5d42e32fe9dd\COMCTL32.dll
0x00007ff82cdc0000 - 0x00007ff82cde7000 	C:\WINDOWS\System32\win32u.dll
0x00007ff82e8a0000 - 0x00007ff82e949000 	C:\WINDOWS\System32\msvcrt.dll
0x00007ff82e330000 - 0x00007ff82e35b000 	C:\WINDOWS\System32\GDI32.dll
0x00007ff82cc90000 - 0x00007ff82cdba000 	C:\WINDOWS\System32\gdi32full.dll
0x00007ff82d630000 - 0x00007ff82d6d3000 	C:\WINDOWS\System32\msvcp_win.dll
0x00007ff82df40000 - 0x00007ff82df72000 	C:\WINDOWS\System32\IMM32.DLL
0x00007ff829650000 - 0x00007ff82965c000 	C:\Program Files\Java\jdk-25.0.2\bin\vcruntime140_1.dll
0x00007fffc4b20000 - 0x00007fffc4bad000 	C:\Program Files\Java\jdk-25.0.2\bin\msvcp140.dll
0x00007fff954b0000 - 0x00007fff9630f000 	C:\Program Files\Java\jdk-25.0.2\bin\server\jvm.dll
0x00007ff82f370000 - 0x00007ff82f427000 	C:\WINDOWS\System32\ADVAPI32.dll
0x00007ff82e0e0000 - 0x00007ff82e18a000 	C:\WINDOWS\System32\sechost.dll
0x00007ff82d7c0000 - 0x00007ff82d8d8000 	C:\WINDOWS\System32\RPCRT4.dll
0x00007ff82f630000 - 0x00007ff82f6b0000 	C:\WINDOWS\System32\WS2_32.dll
0x00007ff82c870000 - 0x00007ff82c8ce000 	C:\WINDOWS\SYSTEM32\POWRPROF.dll
0x00007ff826150000 - 0x00007ff826186000 	C:\WINDOWS\SYSTEM32\WINMM.dll
0x00007ff826190000 - 0x00007ff82619b000 	C:\WINDOWS\SYSTEM32\VERSION.dll
0x00007ff82c850000 - 0x00007ff82c864000 	C:\WINDOWS\SYSTEM32\UMPDC.dll
0x00007ff82b8b0000 - 0x00007ff82b8cb000 	C:\WINDOWS\SYSTEM32\kernel.appcore.dll
0x00007ff8279b0000 - 0x00007ff8279ba000 	C:\Program Files\Java\jdk-25.0.2\bin\jimage.dll
0x00007ff820350000 - 0x00007ff820592000 	C:\WINDOWS\SYSTEM32\DBGHELP.DLL
0x00007ff82e420000 - 0x00007ff82e7a3000 	C:\WINDOWS\System32\combase.dll
0x00007ff82d6e0000 - 0x00007ff82d7b9000 	C:\WINDOWS\System32\OLEAUT32.dll
0x00007ff810ad0000 - 0x00007ff810b0b000 	C:\WINDOWS\SYSTEM32\dbgcore.DLL
0x00007ff82d570000 - 0x00007ff82d61c000 	C:\WINDOWS\System32\bcryptPrimitives.dll
0x00007ffff9760000 - 0x00007ffff977f000 	C:\Program Files\Java\jdk-25.0.2\bin\java.dll
0x00007ff82e190000 - 0x00007ff82e329000 	C:\WINDOWS\System32\ole32.dll
0x00007ff82ebb0000 - 0x00007ff82f342000 	C:\WINDOWS\System32\SHELL32.dll
0x00007ff82a670000 - 0x00007ff82af02000 	C:\WINDOWS\SYSTEM32\windows.storage.dll
0x00007ff82e9e0000 - 0x00007ff82ead7000 	C:\WINDOWS\System32\SHCORE.dll
0x00007ff82e7b0000 - 0x00007ff82e817000 	C:\WINDOWS\System32\shlwapi.dll
0x00007ff82caf0000 - 0x00007ff82cb19000 	C:\WINDOWS\SYSTEM32\profapi.dll
0x00007ffff95f0000 - 0x00007ffff9602000 	C:\Program Files\Java\jdk-25.0.2\bin\net.dll
0x00007ff82be60000 - 0x00007ff82becc000 	C:\WINDOWS\system32\mswsock.dll
0x00007ffff4560000 - 0x00007ffff4576000 	C:\Program Files\Java\jdk-25.0.2\bin\nio.dll
0x00007ffff06b0000 - 0x00007ffff06c7000 	C:\Program Files\Java\jdk-25.0.2\bin\zip.dll
0x00007ffff9750000 - 0x00007ffff975a000 	C:\Program Files\Java\jdk-25.0.2\bin\management.dll
0x00007ffff8a70000 - 0x00007ffff8a7c000 	C:\Program Files\Java\jdk-25.0.2\bin\management_ext.dll
0x00007ff82dfd0000 - 0x00007ff82dfd8000 	C:\WINDOWS\System32\PSAPI.DLL
0x00007ff8227c0000 - 0x00007ff8227ce000 	C:\Program Files\Java\jdk-25.0.2\bin\sunmscapi.dll
0x00007ff82cdf0000 - 0x00007ff82cf68000 	C:\WINDOWS\System32\CRYPT32.dll
0x00007ff82c3a0000 - 0x00007ff82c3d0000 	C:\WINDOWS\SYSTEM32\ncrypt.dll
0x00007ff82c350000 - 0x00007ff82c38f000 	C:\WINDOWS\SYSTEM32\NTASN1.dll
0x00007ff82c160000 - 0x00007ff82c17b000 	C:\WINDOWS\SYSTEM32\CRYPTSP.dll
0x00007ff82b810000 - 0x00007ff82b849000 	C:\WINDOWS\system32\rsaenh.dll
0x00007ff82bf20000 - 0x00007ff82bf52000 	C:\WINDOWS\SYSTEM32\USERENV.dll
0x00007ff82cac0000 - 0x00007ff82caea000 	C:\WINDOWS\SYSTEM32\bcrypt.dll
0x00007ff82c180000 - 0x00007ff82c18c000 	C:\WINDOWS\SYSTEM32\CRYPTBASE.dll
0x00007ff82b260000 - 0x00007ff82b293000 	C:\WINDOWS\SYSTEM32\IPHLPAPI.DLL
0x00007ff82f960000 - 0x00007ff82f96a000 	C:\WINDOWS\System32\NSI.dll

JVMTI agents: none

dbghelp: loaded successfully - version: 4.0.5 - missing functions: none
symbol engine: initialized successfully - sym options: 0x614 - pdb path: .;C:\Program Files\Java\jdk-25.0.2\bin;C:\WINDOWS\SYSTEM32;C:\WINDOWS\WinSxS\amd64_microsoft.windows.common-controls_6595b64144ccf1df_6.0.26100.8875_none_3e0d5d42e32fe9dd;C:\Program Files\Java\jdk-25.0.2\bin\server

VM Arguments:
jvm_args: -Dfile.encoding=IBM437 
java_command: C:\Users\nalla_hu1j0hr\AppData\Local\Temp\surefire6278918733469637369\surefirebooter-20260807201849727_3.jar C:\Users\nalla_hu1j0hr\AppData\Local\Temp\surefire6278918733469637369 2026-08-07T20-18-46_566-jvmRun1 surefire-20260807201849727_1tmp surefire_0-20260807201849727_2tmp
java_class_path (initial): C:\Users\nalla_hu1j0hr\AppData\Local\Temp\surefire6278918733469637369\surefirebooter-20260807201849727_3.jar
Launcher Type: SUN_STANDARD

[Global flags]
     intx CICompilerCount                          = 4                                         {product} {ergonomic}
     uint ConcGCThreads                            = 3                                         {product} {ergonomic}
     uint G1ConcRefinementThreads                  = 10                                        {product} {ergonomic}
   size_t G1HeapRegionSize                         = 1048576                                   {product} {ergonomic}
   size_t InitialHeapSize                          = 123731968                                 {product} {ergonomic}
   size_t MarkStackSize                            = 4194304                                   {product} {ergonomic}
   size_t MarkStackSizeMax                         = 536870912                                 {product} {ergonomic}
   size_t MaxHeapSize                              = 1967128576                                {product} {ergonomic}
   size_t MaxNewSize                               = 1179648000                                {product} {ergonomic}
   size_t MinHeapDeltaBytes                        = 1048576                                   {product} {ergonomic}
   size_t MinHeapSize                              = 8388608                                   {product} {ergonomic}
    uintx NonNMethodCodeHeapSize                   = 5832704                                {pd product} {ergonomic}
    uintx NonProfiledCodeHeapSize                  = 122945536                              {pd product} {ergonomic}
    uintx ProfiledCodeHeapSize                     = 122880000                              {pd product} {ergonomic}
    uintx ReservedCodeCacheSize                    = 251658240                              {pd product} {ergonomic}
     bool SegmentedCodeCache                       = true                                      {product} {ergonomic}
   size_t SoftMaxHeapSize                          = 1967128576                             {manageable} {ergonomic}
     bool UseCompressedOops                        = true                           {product lp64_product} {ergonomic}
     bool UseG1GC                                  = true                                      {product} {ergonomic}
     bool UseLargePagesIndividualAllocation        = false                                  {pd product} {ergonomic}

Logging:
Log output configuration:
 #0: stdout all=warning uptime,level,tags foldmultilines=false
 #1: stderr all=off uptime,level,tags foldmultilines=false

Release file:
IMPLEMENTOR="Oracle Corporation" 
JAVA_RUNTIME_VERSION="25.0.2+10-LTS-69" 
JAVA_VERSION="25.0.2" 
JAVA_VERSION_DATE="2026-01-20" 
LIBC="default" 
MODULES="java.base java.compiler java.datatransfer java.xml java.prefs java.desktop java.instrument java.logging java.management java.security.sasl java.naming java.rmi java.management.rmi java.net.http java.scripting java.security.jgss java.transaction.xa java.sql java.sql.rowset java.xml.crypto java.se java.smartcardio jdk.accessibility jdk.internal.jvmstat jdk.attach jdk.charsets jdk.internal.opt jdk.zipfs jdk.compiler jdk.crypto.cryptoki jdk.crypto.ec jdk.crypto.mscapi jdk.dynalink jdk.internal.ed jdk.editpad jdk.internal.vm.ci jdk.graal.compiler jdk.graal.compiler.management jdk.hotspot.agent jdk.httpserver jdk.incubator.vector jdk.internal.le jdk.internal.md jdk.jartool jdk.javadoc jdk.jcmd jdk.management jdk.management.agent jdk.jconsole jdk.jdeps jdk.jdwp.agent jdk.jdi jdk.jfr jdk.jlink jdk.jpackage jdk.jshell jdk.jsobject jdk.jstatd jdk.localedata jdk.management.jfr jdk.naming.dns jdk.naming.rmi jdk.net jdk.nio.mapmode jdk.sctp jdk.security.auth jdk.security.jgss jdk.unsupported jdk.unsupported.desktop jdk.xml.dom" 
OS_ARCH="x86_64" 
OS_NAME="Windows" 
SOURCE=".:git:b75efb40c93a open:git:405a5699ebd0" 

Environment Variables:
JAVA_HOME=C:\Program Files\Java\jdk-25.0.2
JAVA_TOOL_OPTIONS=-Dfile.encoding=IBM437
PATH=C:\Program Files\Python312\Scripts\;C:\Program Files\Python312\;C:\Program Files (x86)\Common Files\Intel\Shared Libraries\redist\intel64\compiler;C:\Program Files\Common Files\Oracle\Java\javapath;C:\WINDOWS\system32;C:\WINDOWS;C:\WINDOWS\System32\Wbem;C:\WINDOWS\System32\WindowsPowerShell\v1.0\;C:\WINDOWS\System32\OpenSSH\;C:\MinGW\bin;C:\Program Files\Java\jdk-20\bin;C:\Program Files\MySQL\MySQL Server 8.0\bin;C:\Users\nalla_hu1j0hr\AppData\Local\Programs\Python\Python312\Scripts;C:\Users\nalla_hu1j0hr\AppData\Local\Programs\Python;C:\Users\nalla_hu1j0hr\AppData\Roaming\Python\Python312\Scripts;C:\Program Files\R\R-4.3.2\bin;C:\Program Files\CMake\bin;C:\Program Files\PuTTY\;C:\xampp\php;C:\Program Files\nodejs\;c:\Users\nalla_hu1j0hr\AppData\Local\Programs\cursor\resources\app\bin;C:\Program Files\Git LFS;C:\Program Files (x86)\Eclipse\Sumo\bin\;C:\Program Files (x86)\Eclipse\Sumo\tools\;C:\WINDOWS\system32;C:\WINDOWS;C:\WINDOWS\System32\Wbem;C:\WINDOWS\System32\WindowsPowerShell\v1.0\;C:\WINDOWS\System32\OpenSSH\;C:\Program Files\Git\cmd;C:\Users\nalla_hu1j0hr\AppData\Local\Microsoft\WindowsApps;;C:\Users\nalla_hu1j0hr\AppData\Local\Programs\Microsoft VS Code\bin;C:\Users\nalla_hu1j0hr\AppData\Local\Microsoft\WinGet\Packages\Schniz.fnm_Microsoft.Winget.Source_8wekyb3d8bbwe;C:\Users\nalla_hu1j0hr\AppData\Roaming\npm;C:\Users\nalla_hu1j0hr\AppData\Local\Programs\Antigravity\bin;C:\Program Files\JetBrains\IntelliJ IDEA 2025.3.2\bin;C:\Users\nalla_hu1j0hr\AppData\Local\Programs\DockerDesktop\resources\bin
USERNAME=nalla_hu1j0hr
OS=Windows_NT
PROCESSOR_IDENTIFIER=AMD64 Family 23 Model 104 Stepping 1, AuthenticAMD
TMP=C:\Users\NALLA_~1\AppData\Local\Temp
TEMP=C:\Users\NALLA_~1\AppData\Local\Temp




Compilation memory statistics disabled.

Periodic native trim disabled

---------------  S Y S T E M  ---------------

OS:
 Windows 11 , 64 bit Build 26100 (10.0.26100.8875)
OS uptime: 0 days 0:58 hours
Hyper-V role detected

CPU: total 12 (initial active 12) (12 cores per cpu, 2 threads per core) family 23 model 104 stepping 1 microcode 0x8608107, cx8, cmov, fxsr, ht, mmx, 3dnowpref, sse, sse2, sse3, ssse3, sse4a, sse4.1, sse4.2, popcnt, lzcnt, tsc, tscinvbit, avx, avx2, aes, clmul, bmi1, bmi2, adx, sha, fma, vzeroupper, clflush, clflushopt, clwb, hv, rdtscp, rdpid, f16c
Processor Information for processor 0
  Max Mhz: 2100, Current Mhz: 1893, Mhz Limit: 2100
Processor Information for processor 1
  Max Mhz: 2100, Current Mhz: 1893, Mhz Limit: 2100
Processor Information for processor 2
  Max Mhz: 2100, Current Mhz: 1893, Mhz Limit: 2100
Processor Information for processor 3
  Max Mhz: 2100, Current Mhz: 1893, Mhz Limit: 2100
Processor Information for processor 4
  Max Mhz: 2100, Current Mhz: 1893, Mhz Limit: 2100
Processor Information for processor 5
  Max Mhz: 2100, Current Mhz: 1893, Mhz Limit: 2100
Processor Information for processor 6
  Max Mhz: 2100, Current Mhz: 1893, Mhz Limit: 2100
Processor Information for processor 7
  Max Mhz: 2100, Current Mhz: 1893, Mhz Limit: 2100
Processor Information for processor 8
  Max Mhz: 2100, Current Mhz: 1893, Mhz Limit: 2100
Processor Information for processor 9
  Max Mhz: 2100, Current Mhz: 1813, Mhz Limit: 2100
Processor Information for processor 10
  Max Mhz: 2100, Current Mhz: 1813, Mhz Limit: 2100
Processor Information for processor 11
  Max Mhz: 2100, Current Mhz: 1813, Mhz Limit: 2100

Memory: 4k page, system-wide physical 7501M (64M free)
TotalPageFile size 30029M (AvailPageFile size 29M)
current process WorkingSet (physical memory assigned to process): 207M, peak: 240M
current process commit charge ("private bytes"): 284M, peak: 303M

vm_info: Java HotSpot(TM) 64-Bit Server VM (25.0.2+10-LTS-69) for windows-amd64 JRE (25.0.2+10-LTS-69), built on 2025-12-18T11:36:35Z with MS VC++ 17.13 (VS2022)

END.
